// Jest Snapshot v1, https://goo.gl/fbAQLP

exports[`Item.vue has the expected html structure 1`] = `
<div>
  Alert
</div>
`;
